((((2:0.631,(1:2.236)#H7:0.0::0.71):1.549,4:0.198):0.48,3:1.439):0.514,(6:3.5,#H7:0.0::0.29):10.0,5:0.978);
 -Ploglik = 134.81291937951403
 Dendroscope: ((((2:0.631,(1:2.236)#H7:0.0):1.549,4:0.198):0.48,3:1.439):0.514,(6:3.5,#H7:0.0):10.0,5:0.978);
 Elapsed time: 13.189228489 seconds in 10 successful runs
-------
List of estimated networks for all runs:
 (3,((2,(1)#H7::0.71):1.549,4):0.48,(5,(6,#H7::0.29):9.998):0.514);, with -loglik 134.81292183919254
 ((2,(1)#H7::0.71):1.549,4,(3,(5,(6,#H7::0.29):10.0):0.514):0.48);, with -loglik 134.8129193795227
 (3,((2,1):0.403,(4)#H7::0.893):0.425,(6,(5,#H7::0.107):10.0):0.401);, with -loglik 213.09570678580232
 (5,(((2,(1)#H7::0.71):1.549,4):0.48,3):0.514,(6,#H7::0.29):10.0);, with -loglik 134.81291937951443
 ((((5,(6,#H7::0.29):10.0):0.514,3):0.48,4):1.549,2,(1)#H7::0.71);, with -loglik 134.81291937952219
 (((5,(6,#H7::0.29):10.0):0.514,3):0.48,4,(2,(1)#H7::0.71):1.549);, with -loglik 134.81291937960435
 ((2,(1,#H7:0.0::0.455):0.0):1.511,(5,((4,6):0.0)#H7:0.0::0.545):0.714,3);, with -loglik 226.18986129772617
 ((((2,(1)#H7::0.71):1.549,4):0.48,3):0.514,(6,#H7::0.29):10.0,5);, with -loglik 134.81291937951403
 ((4,#H7:9.813::0.373):0.402,((5,6):0.335,3):0.114,(1,(2)#H7:0.0::0.627):0.811);, with -loglik 163.63576022583294
 (2,(((5,(6,#H7::0.29):10.0):0.514,3):0.48,4):1.549,(1)#H7::0.71);, with -loglik 134.812919379515
-------