(2,(4,(3,(5,(6,#H7:0.0::0.292):10.0):0.518):0.504):1.554,(1)#H7:2.902::0.708);
 -Ploglik = 122.34601479784877
 Dendroscope: (2,(4,(3,(5,(6,#H7:0.0):10.0):0.518):0.504):1.554,(1)#H7:2.902);
 Elapsed time: 107.329553138 seconds in 10 successful runs
-------
List of estimated networks for all runs:
 (4,((3,(5,6):0.333):0.126,(1,(2)#H7:4.583::0.622):0.807):0.411,#H7:0.456::0.378);, with -loglik 153.07305879430172
 (2,((1,((5,#H9:0.0::0.424):2.281,6):1.003):0.13,(3)#H9:0.243::0.576):0.0,4);, with -loglik 212.80921693720683
 (((4,(2,(1)#H7:0.0::0.708):1.554):0.504,3):0.518,5,(6,#H7:0.165::0.292):10.0);, with -loglik 122.34601479785364
 ((4,#H7:2.291::0.378):0.411,((6,5):0.333,3):0.126,(1,(2)#H7:0.008::0.622):0.807);, with -loglik 153.07305879516733
 (3,((2,(1)#H7:3.545::0.708):1.554,4):0.504,(5,(6,#H7:3.032::0.292):10.0):0.518);, with -loglik 122.34601479784887
 ((((6,5):0.297,(4)#H7:0.0::0.67):0.039,3):1.107,(2,#H7:0.056::0.33):10.0,1);, with -loglik 156.89841687522753
 ((((5,6):0.333,3):0.126,(1,(2)#H7:0.0::0.622):0.807):0.411,4,#H7:2.152::0.378);, with -loglik 153.07305879428137
 (3,(4,(2,(1)#H7:0.0::0.708):1.554):0.504,(5,(6,#H7:3.058::0.292):10.0):0.518);, with -loglik 122.34601479785354
 (2,(1,(((3,5):0.0,(4)#H7:0.0::0.615):0.22,6):1.17):9.458,#H7:1.406::0.385);, with -loglik 169.91733832003985
 ((1,(6,(5,#H7:9.948::0.439):10.0):2.161):0.449,2,((3,4):0.0)#H7:0.0::0.561);, with -loglik 134.99842216895246
 (2,(4,(3,(5,(6,#H7:0.0::0.292):10.0):0.518):0.504):1.554,(1)#H7:2.902::0.708);, with -loglik 122.34601479784877
-------