(4,(2,(1)#H7:1.582::0.717):1.451,(3,(5,(6,#H7:4.61::0.283):10.0):0.5):0.503);
 -Ploglik = 127.1466007026244
 Dendroscope: (4,(2,(1)#H7:1.582):1.451,(3,(5,(6,#H7:4.61):10.0):0.5):0.503);
 Elapsed time: 127.600339709 seconds in 10 successful runs
-------
List of estimated networks for all runs:
 (2,(1,((5,#H7:0.317::0.451):10.0,6):2.187):0.504,((4,3):0.0)#H7:0.0::0.549);, with -loglik 129.44778885330513
 (3,(4,(2,(1)#H7:0.505::0.717):1.451):0.503,((6,#H7:0.0::0.283):10.0,5):0.5);, with -loglik 127.14660070262975
 ((1,(2,#H7:0.0::0.333):10.0):1.11,3,((5,6):0.286,(4)#H7:0.127::0.667):0.046);, with -loglik 156.4960599220504
 ((2,(1)#H7:2.724::0.717):1.451,(3,(5,(6,#H7:1.974::0.283):10.0):0.5):0.503,4);, with -loglik 127.14660070283095
 ((1,(6,(5,#H7:0.308::0.451):7.902):2.187):0.505,2,((3,4):0.0)#H7:0.004::0.549);, with -loglik 129.46830613974484
 (3,(4,((1,#H7:1.054::0.305):8.873,2):0.649):0.478,(5,(6)#H7:0.511::0.695):1.609);, with -loglik 127.66055869694493
 (3,(4,(2,(1)#H7:1.574::0.717):1.451):0.503,(5,(6,#H7:7.678::0.283):10.0):0.5);, with -loglik 127.14660070263864
 (2,(1,(6,((5,3):0.0,(4)#H7:2.828::0.614):0.223):1.171):10.0,#H7:0.197::0.386);, with -loglik 168.50290186391138
 (4,(2,(1)#H7:1.582::0.717):1.451,(3,(5,(6,#H7:4.61::0.283):10.0):0.5):0.503);, with -loglik 127.1466007026244
 ((2,(1)#H7:2.715::0.717):1.451,((5,(6,#H7:2.127::0.283):10.0):0.5,3):0.503,4);, with -loglik 127.14660070263186
 ((5,#H7:0.317::0.452):9.701,6,(1,(2,((3,4):0.0)#H7:0.0::0.548):0.504):2.187);, with -loglik 129.4480661819766
-------