(2,(((5,(6,#H7:2.905::0.284):10.0):0.528,3):0.484,4):1.454,(1)#H7:2.205::0.716);
 -Ploglik = 135.2152342545317
 Dendroscope: (2,(((5,(6,#H7:2.905):10.0):0.528,3):0.484,4):1.454,(1)#H7:2.205);
 Elapsed time: 121.332978911 seconds in 10 successful runs
-------
List of estimated networks for all runs:
 (2,(((5,(6,#H7:2.905::0.284):10.0):0.528,3):0.484,4):1.454,(1)#H7:2.205::0.716);, with -loglik 135.2152342545317
 (4,((3,(5,6):0.337):0.122,(1,(2)#H7:1.507::0.622):0.798):0.407,#H7:0.529::0.378);, with -loglik 162.67041613256458
 ((2,(1)#H7:0.0::0.716):1.454,((5,(#H7:0.0::0.284,6):10.0):0.528,3):0.484,4);, with -loglik 135.21523425454686
 (((3,((6,5):0.289,(4)#H7:1.891::0.669):0.055):1.087,1):10.0,2,#H7:0.0::0.331);, with -loglik 165.05955774992592
 ((5,6):0.289,(((2,#H7:0.044::0.331):10.0,1):1.087,3):0.055,(4)#H7:0.825::0.669);, with -loglik 165.05955775003395
 (((3,(5,(6,#H7:5.57::0.284):10.0):0.528):0.484,4):1.454,2,(1)#H7:9.766::0.716);, with -loglik 135.21523425453373
 ((1,((3)#H7:0.0::0.574,2):0.0):0.326,4,(6,(5,#H7:6.471::0.426):9.996):0.894);, with -loglik 196.19610564184896
 (4,((3,(5,6):0.337):0.122,(1,(2)#H7:9.849::0.622):0.798):0.407,#H7:2.406::0.378);, with -loglik 162.67041613225396
 (6,5,((3,(1,(2,#H7:0.0::0.331):10.0):1.087):0.055,(4)#H7:0.0::0.669):0.289);, with -loglik 165.059557750285
 ((4,((6,5):0.0,#H7:6.853::0.488):0.737):0.009,(2,1):0.478,(3)#H7:0.52::0.512);, with -loglik 218.32725606817903
 (((1,#H7:0.561::0.311):4.265,2):0.647,4,(3,(5,(6)#H7:0.527::0.689):1.774):0.456);, with -loglik 135.9180952780176
-------