(2:1.0,(4:1.0,(3:1.0,((6:8.011,#H7:1.0::0.288):10.0,5:1.0):0.519):0.491):1.55,(1:1.0)#H7:1.0::0.712);
 -Ploglik = 119.34955592010377
 Dendroscope: (2:1.0,(4:1.0,(3:1.0,((6:8.011,#H7:1.0):10.0,5:1.0):0.519):0.491):1.55,(1:1.0)#H7:1.0);
 Elapsed time: 14.465427387 seconds in 10 successful runs
-------
List of estimated networks for all runs:
 (2,(4,(3,((6,#H7::0.288):10.0,5):0.519):0.491):1.55,(1)#H7::0.712);, with -loglik 119.34955592048443
 (2,(4,(3,(5,(6)#H7::0.694):1.672):0.46):0.669,(1,#H7::0.306):8.871);, with -loglik 121.28855114169008
 (2,(4,((5,(6,#H7::0.288):10.0):0.519,3):0.491):1.55,(1)#H7::0.712);, with -loglik 119.34955592010515
 (1,(((5,6):0.337,3):0.12,(4,#H7:8.38::0.374):0.407):0.818,(2)#H7:1.0::0.626);, with -loglik 148.06872535955662
 (2,((3,((6,#H7::0.288):10.0,5):0.519):0.491,4):1.55,(1)#H7::0.712);, with -loglik 119.3495559201294
 ((4,(3,(5,(6,#H7::0.288):10.0):0.519):0.491):1.55,2,(1)#H7::0.712);, with -loglik 119.3495559201091
 (2,(4,(3,((6,#H7::0.288):10.0,5):0.519):0.491):1.55,(1)#H7::0.712);, with -loglik 119.34955592048443
 (2,(4,(3,((6,#H7::0.288):10.0,5):0.519):0.491):1.55,(1)#H7::0.712);, with -loglik 119.34955592048443
 (2,(4,(3,(5,(6,#H7::0.288):10.0):0.519):0.491):1.55,(1)#H7::0.712);, with -loglik 119.34955592010512
 (2,(4,(3,((6,#H7::0.288):10.0,5):0.519):0.491):1.55,(1)#H7::0.712);, with -loglik 119.34955592010377
-------