
 (2,(((5,(6,#H7:2.905::0.285):10.0):0.516,3):0.485,4):1.48,(1)#H7:2.07::0.715);, with -loglik 124.40689034897461
 (2,(((5,(6,#H7:2.905::0.284):10.0):0.528,3):0.484,4):1.454,(1)#H7:2.205::0.716);, with -loglik 135.2152342545317
 (4,(2,(1)#H7:1.582::0.717):1.451,(3,(5,(6,#H7:4.61::0.283):10.0):0.5):0.503);, with -loglik 127.1466007026244
 (2,(4,(3,(5,(6,#H7:0.0::0.292):10.0):0.518):0.504):1.554,(1)#H7:2.902::0.708);, with -loglik 122.34601479784877