
 (2,(4,(3,((6,#H7::0.288):10.0,5):0.519):0.491):1.55,(1)#H7::0.712);, with -loglik 119.34955592010377
 ((2,(1)#H9::0.716):1.53,4,(3,(5,(6,#H9::0.284):10.0):0.523):0.49);, with -loglik 121.59556957612655
 (2,((6,(5,#H7:0.348::0.455):9.276):2.202,1):0.531,((4,3):0.0)#H7:0.0::0.545);, with -loglik 128.3741596845978
 ((((2,(1)#H7::0.71):1.549,4):0.48,3):0.514,(6,#H7::0.29):10.0,5);, with -loglik 134.81291937951403