((4:0.093,(2:0.377,(1:2.236)#H7:9.005::0.714):1.512):0.489,(5:1.85,(6:3.5,#H7:0.0::0.286):10.0):0.519,3:0.632);
 -Ploglik = 126.74250981974937
 Dendroscope: ((4:0.093,(2:0.377,(1:2.236)#H7:9.005):1.512):0.489,(5:1.85,(6:3.5,#H7:0.0):10.0):0.519,3:0.632);
 Elapsed time: 12.699957929 seconds in 10 successful runs
-------
List of estimated networks for all runs:
 (2,(1,((5,#H9:0.365::0.454):10.0,6):2.237):0.519,((3,4):0.0)#H9:0.0::0.546);, with -loglik 127.51150018526528
 ((4,(2,(1)#H7:::0.714):1.512):0.489,3,(5,(6,#H7:::0.286):10.0):0.519);, with -loglik 126.7425098197515
 ((1,2):0.461,(4,(6,(5,#H7:::0.335):10.0):0.866):0.038,(3)#H7:::0.665);, with -loglik 165.4147783789073
 (((6,(5,#H7:::0.335):10.0):0.866,4):0.038,(2,1):0.461,(3)#H7:::0.665);, with -loglik 165.4147783792117
 ((6,(5,#H7:0.366::0.454):9.962):2.237,1,(2,((3,4):0.0)#H7:0.0::0.546):0.519);, with -loglik 127.51155825190949
 ((6,(5,#H7:0.581::0.371):9.893):2.02,(1,2):0.195,((4,3):0.0)#H7:0.055::0.629);, with -loglik 144.74240357013258
 (((4,(5,((6,3):0.0)#H7:0.0::0.747):1.129):0.852,2):0.987,1,#H7:0.0::0.253);, with -loglik 176.43889582756518
 (1,((3,(6,5):0.335):0.126,(4,#H7:2.719::0.373):0.4):0.808,(2)#H7:2.557::0.627);, with -loglik 155.49625734557412
 (2,(1,(6,(5,#H7:0.365::0.454):10.0):2.237):0.519,((3,4):0.0)#H7:0.0::0.546);, with -loglik 127.51150018548769
 ((4,(2,(1)#H7:::0.714):1.512):0.489,(5,(6,#H7:::0.286):10.0):0.519,3);, with -loglik 126.74250981974937
-------